Archive member included to satisfy reference by file (symbol)

c:/st/stm32cubeide_1.7.0/stm32cubeide/plugins/com.st.stm32cube.ide.mcu.externaltools.gnu-tools-for-stm32.9-2020-q2-update.win32_2.0.0.202105311346/tools/bin/../lib/gcc/arm-none-eabi/9.3.1/../../../../arm-none-eabi/lib/thumb/v7-m/nofp\libc_nano.a(lib_a-errno.o)
                              ./Core/Src/syscalls.o (__errno)
c:/st/stm32cubeide_1.7.0/stm32cubeide/plugins/com.st.stm32cube.ide.mcu.externaltools.gnu-tools-for-stm32.9-2020-q2-update.win32_2.0.0.202105311346/tools/bin/../lib/gcc/arm-none-eabi/9.3.1/../../../../arm-none-eabi/lib/thumb/v7-m/nofp\libc_nano.a(lib_a-exit.o)
                              c:/st/stm32cubeide_1.7.0/stm32cubeide/plugins/com.st.stm32cube.ide.mcu.externaltools.gnu-tools-for-stm32.9-2020-q2-update.win32_2.0.0.202105311346/tools/bin/../lib/gcc/arm-none-eabi/9.3.1/../../../../arm-none-eabi/lib/thumb/v7-m/nofp/crt0.o (exit)
c:/st/stm32cubeide_1.7.0/stm32cubeide/plugins/com.st.stm32cube.ide.mcu.externaltools.gnu-tools-for-stm32.9-2020-q2-update.win32_2.0.0.202105311346/tools/bin/../lib/gcc/arm-none-eabi/9.3.1/../../../../arm-none-eabi/lib/thumb/v7-m/nofp\libc_nano.a(lib_a-impure.o)
                              c:/st/stm32cubeide_1.7.0/stm32cubeide/plugins/com.st.stm32cube.ide.mcu.externaltools.gnu-tools-for-stm32.9-2020-q2-update.win32_2.0.0.202105311346/tools/bin/../lib/gcc/arm-none-eabi/9.3.1/../../../../arm-none-eabi/lib/thumb/v7-m/nofp\libc_nano.a(lib_a-exit.o) (_global_impure_ptr)
c:/st/stm32cubeide_1.7.0/stm32cubeide/plugins/com.st.stm32cube.ide.mcu.externaltools.gnu-tools-for-stm32.9-2020-q2-update.win32_2.0.0.202105311346/tools/bin/../lib/gcc/arm-none-eabi/9.3.1/../../../../arm-none-eabi/lib/thumb/v7-m/nofp\libc_nano.a(lib_a-init.o)
                              c:/st/stm32cubeide_1.7.0/stm32cubeide/plugins/com.st.stm32cube.ide.mcu.externaltools.gnu-tools-for-stm32.9-2020-q2-update.win32_2.0.0.202105311346/tools/bin/../lib/gcc/arm-none-eabi/9.3.1/../../../../arm-none-eabi/lib/thumb/v7-m/nofp/crt0.o (__libc_init_array)
c:/st/stm32cubeide_1.7.0/stm32cubeide/plugins/com.st.stm32cube.ide.mcu.externaltools.gnu-tools-for-stm32.9-2020-q2-update.win32_2.0.0.202105311346/tools/bin/../lib/gcc/arm-none-eabi/9.3.1/../../../../arm-none-eabi/lib/thumb/v7-m/nofp\libc_nano.a(lib_a-memset.o)
                              c:/st/stm32cubeide_1.7.0/stm32cubeide/plugins/com.st.stm32cube.ide.mcu.externaltools.gnu-tools-for-stm32.9-2020-q2-update.win32_2.0.0.202105311346/tools/bin/../lib/gcc/arm-none-eabi/9.3.1/../../../../arm-none-eabi/lib/thumb/v7-m/nofp/crt0.o (memset)

Allocating common symbols
Common symbol       size              file

SCH_tasks_G         0x320             ./Core/Src/SCH.o
uwTick              0x4               ./Drivers/STM32F1xx_HAL_Driver/Src/stm32f1xx_hal.o
pFlash              0x20              ./Drivers/STM32F1xx_HAL_Driver/Src/stm32f1xx_hal_flash.o
trafficTimeTemp     0x18              ./Core/Src/input_processing.o
htim2               0x48              ./Core/Src/main.o

Discarded input sections

 .text          0x0000000000000000        0x0 c:/st/stm32cubeide_1.7.0/stm32cubeide/plugins/com.st.stm32cube.ide.mcu.externaltools.gnu-tools-for-stm32.9-2020-q2-update.win32_2.0.0.202105311346/tools/bin/../lib/gcc/arm-none-eabi/9.3.1/thumb/v7-m/nofp/crti.o
 .data          0x0000000000000000        0x0 c:/st/stm32cubeide_1.7.0/stm32cubeide/plugins/com.st.stm32cube.ide.mcu.externaltools.gnu-tools-for-stm32.9-2020-q2-update.win32_2.0.0.202105311346/tools/bin/../lib/gcc/arm-none-eabi/9.3.1/thumb/v7-m/nofp/crti.o
 .bss           0x0000000000000000        0x0 c:/st/stm32cubeide_1.7.0/stm32cubeide/plugins/com.st.stm32cube.ide.mcu.externaltools.gnu-tools-for-stm32.9-2020-q2-update.win32_2.0.0.202105311346/tools/bin/../lib/gcc/arm-none-eabi/9.3.1/thumb/v7-m/nofp/crti.o
 .data          0x0000000000000000        0x4 c:/st/stm32cubeide_1.7.0/stm32cubeide/plugins/com.st.stm32cube.ide.mcu.externaltools.gnu-tools-for-stm32.9-2020-q2-update.win32_2.0.0.202105311346/tools/bin/../lib/gcc/arm-none-eabi/9.3.1/thumb/v7-m/nofp/crtbegin.o
 .text          0x0000000000000000       0x7c c:/st/stm32cubeide_1.7.0/stm32cubeide/plugins/com.st.stm32cube.ide.mcu.externaltools.gnu-tools-for-stm32.9-2020-q2-update.win32_2.0.0.202105311346/tools/bin/../lib/gcc/arm-none-eabi/9.3.1/../../../../arm-none-eabi/lib/thumb/v7-m/nofp/crt0.o
 .data          0x0000000000000000        0x0 c:/st/stm32cubeide_1.7.0/stm32cubeide/plugins/com.st.stm32cube.ide.mcu.externaltools.gnu-tools-for-stm32.9-2020-q2-update.win32_2.0.0.202105311346/tools/bin/../lib/gcc/arm-none-eabi/9.3.1/../../../../arm-none-eabi/lib/thumb/v7-m/nofp/crt0.o
 .bss           0x0000000000000000        0x0 c:/st/stm32cubeide_1.7.0/stm32cubeide/plugins/com.st.stm32cube.ide.mcu.externaltools.gnu-tools-for-stm32.9-2020-q2-update.win32_2.0.0.202105311346/tools/bin/../lib/gcc/arm-none-eabi/9.3.1/../../../../arm-none-eabi/lib/thumb/v7-m/nofp/crt0.o
[...]
Memory Configuration

Name             Origin             Length             Attributes
RAM              0x0000000020000000 0x0000000000002800 xrw
FLASH            0x0000000008000000 0x0000000000008000 xr
*default*        0x0000000000000000 0xffffffffffffffff

Linker script and memory map

LOAD c:/st/stm32cubeide_1.7.0/stm32cubeide/plugins/com.st.stm32cube.ide.mcu.externaltools.gnu-tools-for-stm32.9-2020-q2-update.win32_2.0.0.202105311346/tools/bin/../lib/gcc/arm-none-eabi/9.3.1/thumb/v7-m/nofp/crti.o
LOAD c:/st/stm32cubeide_1.7.0/stm32cubeide/plugins/com.st.stm32cube.ide.mcu.externaltools.gnu-tools-for-stm32.9-2020-q2-update.win32_2.0.0.202105311346/tools/bin/../lib/gcc/arm-none-eabi/9.3.1/thumb/v7-m/nofp/crtbegin.o
LOAD c:/st/stm32cubeide_1.7.0/stm32cubeide/plugins/com.st.stm32cube.ide.mcu.externaltools.gnu-tools-for-stm32.9-2020-q2-update.win32_2.0.0.202105311346/tools/bin/../lib/gcc/arm-none-eabi/9.3.1/../../../../arm-none-eabi/lib/thumb/v7-m/nofp/crt0.o
LOAD ./Core/Src/SCH.o
LOAD ./Core/Src/global.o
LOAD ./Core/Src/input_processing.o
LOAD ./Core/Src/input_reading.o
LOAD ./Core/Src/led_display.o
LOAD ./Core/Src/main.o
LOAD ./Core/Src/stm32f1xx_hal_msp.o
LOAD ./Core/Src/stm32f1xx_it.o
LOAD ./Core/Src/syscalls.o
LOAD ./Core/Src/sysmem.o
LOAD ./Core/Src/system_stm32f1xx.o
LOAD ./Core/Src/timer.o
LOAD ./Core/Startup/startup_stm32f103c6tx.o
LOAD ./Drivers/STM32F1xx_HAL_Driver/Src/stm32f1xx_hal.o
LOAD ./Drivers/STM32F1xx_HAL_Driver/Src/stm32f1xx_hal_cortex.o
LOAD ./Drivers/STM32F1xx_HAL_Driver/Src/stm32f1xx_hal_dma.o
LOAD ./Drivers/STM32F1xx_HAL_Driver/Src/stm32f1xx_hal_exti.o
LOAD ./Drivers/STM32F1xx_HAL_Driver/Src/stm32f1xx_hal_flash.o
LOAD ./Drivers/STM32F1xx_HAL_Driver/Src/stm32f1xx_hal_flash_ex.o
LOAD ./Drivers/STM32F1xx_HAL_Driver/Src/stm32f1xx_hal_gpio.o
LOAD ./Drivers/STM32F1xx_HAL_Driver/Src/stm32f1xx_hal_gpio_ex.o
LOAD ./Drivers/STM32F1xx_HAL_Driver/Src/stm32f1xx_hal_pwr.o
LOAD ./Drivers/STM32F1xx_HAL_Driver/Src/stm32f1xx_hal_rcc.o
LOAD ./Drivers/STM32F1xx_HAL_Driver/Src/stm32f1xx_hal_rcc_ex.o
LOAD ./Drivers/STM32F1xx_HAL_Driver/Src/stm32f1xx_hal_tim.o
LOAD ./Drivers/STM32F1xx_HAL_Driver/Src/stm32f1xx_hal_tim_ex.o
START GROUP
LOAD c:/st/stm32cubeide_1.7.0/stm32cubeide/plugins/com.st.stm32cube.ide.mcu.externaltools.gnu-tools-for-stm32.9-2020-q2-update.win32_2.0.0.202105311346/tools/bin/../lib/gcc/arm-none-eabi/9.3.1/../../../../arm-none-eabi/lib/thumb/v7-m/nofp\libc_nano.a
LOAD c:/st/stm32cubeide_1.7.0/stm32cubeide/plugins/com.st.stm32cube.ide.mcu.externaltools.gnu-tools-for-stm32.9-2020-q2-update.win32_2.0.0.202105311346/tools/bin/../lib/gcc/arm-none-eabi/9.3.1/../../../../arm-none-eabi/lib/thumb/v7-m/nofp\libm.a
END GROUP
START GROUP
LOAD c:/st/stm32cubeide_1.7.0/stm32cubeide/plugins/com.st.stm32cube.ide.mcu.externaltools.gnu-tools-for-stm32.9-2020-q2-update.win32_2.0.0.202105311346/tools/bin/../lib/gcc/arm-none-eabi/9.3.1/thumb/v7-m/nofp\libgcc.a
LOAD c:/st/stm32cubeide_1.7.0/stm32cubeide/plugins/com.st.stm32cube.ide.mcu.externaltools.gnu-tools-for-stm32.9-2020-q2-update.win32_2.0.0.202105311346/tools/bin/../lib/gcc/arm-none-eabi/9.3.1/../../../../arm-none-eabi/lib/thumb/v7-m/nofp\libc_nano.a
END GROUP
START GROUP
LOAD c:/st/stm32cubeide_1.7.0/stm32cubeide/plugins/com.st.stm32cube.ide.mcu.externaltools.gnu-tools-for-stm32.9-2020-q2-update.win32_2.0.0.202105311346/tools/bin/../lib/gcc/arm-none-eabi/9.3.1/thumb/v7-m/nofp\libgcc.a
LOAD c:/st/stm32cubeide_1.7.0/stm32cubeide/plugins/com.st.stm32cube.ide.mcu.externaltools.gnu-tools-for-stm32.9-2020-q2-update.win32_2.0.0.202105311346/tools/bin/../lib/gcc/arm-none-eabi/9.3.1/../../../../arm-none-eabi/lib/thumb/v7-m/nofp\libc_nano.a
LOAD c:/st/stm32cubeide_1.7.0/stm32cubeide/plugins/com.st.stm32cube.ide.mcu.externaltools.gnu-tools-for-stm32.9-2020-q2-update.win32_2.0.0.202105311346/tools/bin/../lib/gcc/arm-none-eabi/9.3.1/../../../../arm-none-eabi/lib/thumb/v7-m/nofp\libnosys.a
END GROUP
START GROUP
LOAD c:/st/stm32cubeide_1.7.0/stm32cubeide/plugins/com.st.stm32cube.ide.mcu.externaltools.gnu-tools-for-stm32.9-2020-q2-update.win32_2.0.0.202105311346/tools/bin/../lib/gcc/arm-none-eabi/9.3.1/thumb/v7-m/nofp\libgcc.a
LOAD c:/st/stm32cubeide_1.7.0/stm32cubeide/plugins/com.st.stm32cube.ide.mcu.externaltools.gnu-tools-for-stm32.9-2020-q2-update.win32_2.0.0.202105311346/tools/bin/../lib/gcc/arm-none-eabi/9.3.1/../../../../arm-none-eabi/lib/thumb/v7-m/nofp\libc_nano.a
LOAD c:/st/stm32cubeide_1.7.0/stm32cubeide/plugins/com.st.stm32cube.ide.mcu.externaltools.gnu-tools-for-stm32.9-2020-q2-update.win32_2.0.0.202105311346/tools/bin/../lib/gcc/arm-none-eabi/9.3.1/../../../../arm-none-eabi/lib/thumb/v7-m/nofp\libnosys.a
END GROUP
LOAD c:/st/stm32cubeide_1.7.0/stm32cubeide/plugins/com.st.stm32cube.ide.mcu.externaltools.gnu-tools-for-stm32.9-2020-q2-update.win32_2.0.0.202105311346/tools/bin/../lib/gcc/arm-none-eabi/9.3.1/thumb/v7-m/nofp/crtend.o
LOAD c:/st/stm32cubeide_1.7.0/stm32cubeide/plugins/com.st.stm32cube.ide.mcu.externaltools.gnu-tools-for-stm32.9-2020-q2-update.win32_2.0.0.202105311346/tools/bin/../lib/gcc/arm-none-eabi/9.3.1/thumb/v7-m/nofp/crtn.o
                0x0000000020002800                _estack = (ORIGIN (RAM) + LENGTH (RAM))
                0x0000000000000200                _Min_Heap_Size = 0x200
                0x0000000000000400                _Min_Stack_Size = 0x400

.isr_vector     0x0000000008000000      0x10c
                0x0000000008000000                . = ALIGN (0x4)
 *(.isr_vector)
 .isr_vector    0x0000000008000000      0x10c ./Core/Startup/startup_stm32f103c6tx.o
                0x0000000008000000                g_pfnVectors
                0x000000000800010c                . = ALIGN (0x4)

.text           0x000000000800010c     0x2b7c
                0x000000000800010c                . = ALIGN (0x4)
 *(.text)
 .text          0x000000000800010c       0x40 c:/st/stm32cubeide_1.7.0/stm32cubeide/plugins/com.st.stm32cube.ide.mcu.externaltools.gnu-tools-for-stm32.9-2020-q2-update.win32_2.0.0.202105311346/tools/bin/../lib/gcc/arm-none-eabi/9.3.1/thumb/v7-m/nofp/crtbegin.o
 *(.text*)
 .text.SCH_Init
                0x000000000800014c       0x8c ./Core/Src/SCH.o
                0x000000000800014c                SCH_Init
 .text.SCH_Update
                0x00000000080001d8       0xe0 ./Core/Src/SCH.o
                0x00000000080001d8                SCH_Update
 .text.SCH_Dispatch_Tasks
                0x00000000080002b8       0x8c ./Core/Src/SCH.o
                0x00000000080002b8                SCH_Dispatch_Tasks
 .text.SCH_Add_Task
                0x0000000008000344       0xa8 ./Core/Src/SCH.o
                0x0000000008000344                SCH_Add_Task
 .text.Led_Init
                0x00000000080003ec       0xb0 ./Core/Src/global.o
                0x00000000080003ec                Led_Init
 .text.fsm_for_input_processing
                0x000000000800049c      0x250 ./Core/Src/input_processing.o
                0x000000000800049c                fsm_for_input_processing
 .text.button_reading
                0x00000000080006ec      0x140 ./Core/Src/input_reading.o
                0x00000000080006ec                button_reading
 .text.button_is_pressed
                0x000000000800082c       0x3c ./Core/Src/input_reading.o
                0x000000000800082c                button_is_pressed
 .text.button_is_pressed_1s
                0x0000000008000868       0x34 ./Core/Src/input_reading.o
                0x0000000008000868                button_is_pressed_1s
 .text.TurnOffMultiplex
                0x000000000800089c       0x24 ./Core/Src/led_display.o
                0x000000000800089c                TurnOffMultiplex
 .text.TurnOffMultiplex_mode
                0x00000000080008c0       0x24 ./Core/Src/led_display.o
                0x00000000080008c0                TurnOffMultiplex_mode
 .text.DisplayMultiplex
                0x00000000080008e4       0x58 ./Core/Src/led_display.o
                0x00000000080008e4                DisplayMultiplex
 .text.DisplayMultiplex_mode
                0x000000000800093c       0x58 ./Core/Src/led_display.o
                0x000000000800093c                DisplayMultiplex_mode
 .text.DisplayDigit
                0x0000000008000994      0x2dc ./Core/Src/led_display.o
                0x0000000008000994                DisplayDigit
 .text.DisplayDigit_mode
                0x0000000008000c70      0x334 ./Core/Src/led_display.o
                0x0000000008000c70                DisplayDigit_mode
 .text.resetTrafficTime
                0x0000000008000fa4       0x74 ./Core/Src/led_display.o
                0x0000000008000fa4                resetTrafficTime
 .text.updateTrafficTime
                0x0000000008001018       0xac ./Core/Src/led_display.o
                0x0000000008001018                updateTrafficTime
 .text.updateTrafficLight_main
                0x00000000080010c4       0xa8 ./Core/Src/led_display.o
                0x00000000080010c4                updateTrafficLight_main
 .text.updateTrafficLight_sub
                0x000000000800116c       0x90 ./Core/Src/led_display.o
                0x000000000800116c                updateTrafficLight_sub
 .text.Led_Blinky
                0x00000000080011fc       0x18 ./Core/Src/led_display.o
                0x00000000080011fc                Led_Blinky
 .text.HAL_TIM_PeriodElapsedCallback
                0x0000000008001214       0x1e ./Core/Src/main.o
                0x0000000008001214                HAL_TIM_PeriodElapsedCallback
 *fill*         0x0000000008001232        0x2 
 .text.main     0x0000000008001234       0x80 ./Core/Src/main.o
                0x0000000008001234                main
 .text.SystemClock_Config
                0x00000000080012b4       0x76 ./Core/Src/main.o
                0x00000000080012b4                SystemClock_Config
 *fill*         0x000000000800132a        0x2 
 .text.MX_TIM2_Init
                0x000000000800132c       0x98 ./Core/Src/main.o
 .text.MX_GPIO_Init
                0x00000000080013c4      0x10c ./Core/Src/main.o
 .text.Error_Handler
                0x00000000080014d0        0xa ./Core/Src/main.o
                0x00000000080014d0                Error_Handler
 *fill*         0x00000000080014da        0x2 
 .text.HAL_MspInit
                0x00000000080014dc       0x64 ./Core/Src/stm32f1xx_hal_msp.o
                0x00000000080014dc                HAL_MspInit
 .text.HAL_TIM_Base_MspInit
                0x0000000008001540       0x48 ./Core/Src/stm32f1xx_hal_msp.o
                0x0000000008001540                HAL_TIM_Base_MspInit
 .text.NMI_Handler
                0x0000000008001588        0x6 ./Core/Src/stm32f1xx_it.o
                0x0000000008001588                NMI_Handler
 .text.HardFault_Handler
                0x000000000800158e        0x6 ./Core/Src/stm32f1xx_it.o
                0x000000000800158e                HardFault_Handler
 .text.MemManage_Handler
                0x0000000008001594        0x6 ./Core/Src/stm32f1xx_it.o
                0x0000000008001594                MemManage_Handler
 .text.BusFault_Handler
                0x000000000800159a        0x6 ./Core/Src/stm32f1xx_it.o
                0x000000000800159a                BusFault_Handler
 .text.UsageFault_Handler
                0x00000000080015a0        0x6 ./Core/Src/stm32f1xx_it.o
                0x00000000080015a0                UsageFault_Handler
 .text.SVC_Handler
                0x00000000080015a6        0xc ./Core/Src/stm32f1xx_it.o
                0x00000000080015a6                SVC_Handler
 .text.DebugMon_Handler
                0x00000000080015b2        0xc ./Core/Src/stm32f1xx_it.o
                0x00000000080015b2                DebugMon_Handler
 .text.PendSV_Handler
                0x00000000080015be        0xc ./Core/Src/stm32f1xx_it.o
                0x00000000080015be                PendSV_Handler
 .text.SysTick_Handler
                0x00000000080015ca        0xc ./Core/Src/stm32f1xx_it.o
                0x00000000080015ca                SysTick_Handler
 *fill*         0x00000000080015d6        0x2 
 .text.TIM2_IRQHandler
                0x00000000080015d8       0x14 ./Core/Src/stm32f1xx_it.o
                0x00000000080015d8                TIM2_IRQHandler
 .text.SystemInit
                0x00000000080015ec        0xc ./Core/Src/system_stm32f1xx.o
                0x00000000080015ec                SystemInit
 .text.Reset_Handler
                0x00000000080015f8       0x48 ./Core/Startup/startup_stm32f103c6tx.o
                0x00000000080015f8                Reset_Handler
 .text.Default_Handler
                0x0000000008001640        0x2 ./Core/Startup/startup_stm32f103c6tx.o
                0x0000000008001640                RTC_Alarm_IRQHandler
                0x0000000008001640                EXTI2_IRQHandler
                0x0000000008001640                TIM1_CC_IRQHandler
                0x0000000008001640                PVD_IRQHandler
                0x0000000008001640                EXTI3_IRQHandler
                0x0000000008001640                EXTI0_IRQHandler
                0x0000000008001640                ADC1_2_IRQHandler
                0x0000000008001640                SPI1_IRQHandler
                0x0000000008001640                TAMPER_IRQHandler
                0x0000000008001640                DMA1_Channel4_IRQHandler
                0x0000000008001640                RTC_IRQHandler
                0x0000000008001640                DMA1_Channel7_IRQHandler
                0x0000000008001640                CAN1_RX1_IRQHandler
                0x0000000008001640                I2C1_EV_IRQHandler
                0x0000000008001640                DMA1_Channel6_IRQHandler
                0x0000000008001640                TIM3_IRQHandler
                0x0000000008001640                RCC_IRQHandler
                0x0000000008001640                TIM1_TRG_COM_IRQHandler
                0x0000000008001640                DMA1_Channel1_IRQHandler
                0x0000000008001640                Default_Handler
                0x0000000008001640                EXTI15_10_IRQHandler
                0x0000000008001640                EXTI9_5_IRQHandler
                0x0000000008001640                DMA1_Channel5_IRQHandler
                0x0000000008001640                EXTI4_IRQHandler
                0x0000000008001640                USB_LP_CAN1_RX0_IRQHandler
                0x0000000008001640                USB_HP_CAN1_TX_IRQHandler
                0x0000000008001640                DMA1_Channel3_IRQHandler
                0x0000000008001640                TIM1_UP_IRQHandler
                0x0000000008001640                WWDG_IRQHandler
                0x0000000008001640                TIM1_BRK_IRQHandler
                0x0000000008001640                EXTI1_IRQHandler
                0x0000000008001640                USART2_IRQHandler
                0x0000000008001640                DMA1_Channel2_IRQHandler
                0x0000000008001640                CAN1_SCE_IRQHandler
                0x0000000008001640                FLASH_IRQHandler
                0x0000000008001640                USART1_IRQHandler
                0x0000000008001640                I2C1_ER_IRQHandler
                0x0000000008001640                USBWakeUp_IRQHandler
 *fill*         0x0000000008001642        0x2 
 .text.HAL_Init
                0x0000000008001644       0x2c ./Drivers/STM32F1xx_HAL_Driver/Src/stm32f1xx_hal.o
                0x0000000008001644                HAL_Init
 .text.HAL_InitTick
                0x0000000008001670       0x60 ./Drivers/STM32F1xx_HAL_Driver/Src/stm32f1xx_hal.o
                0x0000000008001670                HAL_InitTick
 .text.HAL_IncTick
                0x00000000080016d0       0x24 ./Drivers/STM32F1xx_HAL_Driver/Src/stm32f1xx_hal.o
                0x00000000080016d0                HAL_IncTick
 .text.HAL_GetTick
                0x00000000080016f4       0x14 ./Drivers/STM32F1xx_HAL_Driver/Src/stm32f1xx_hal.o
                0x00000000080016f4                HAL_GetTick
 .text.__NVIC_SetPriorityGrouping
                0x0000000008001708       0x48 ./Drivers/STM32F1xx_HAL_Driver/Src/stm32f1xx_hal_cortex.o
 .text.__NVIC_GetPriorityGrouping
                0x0000000008001750       0x1c ./Drivers/STM32F1xx_HAL_Driver/Src/stm32f1xx_hal_cortex.o
 .text.__NVIC_EnableIRQ
                0x000000000800176c       0x38 ./Drivers/STM32F1xx_HAL_Driver/Src/stm32f1xx_hal_cortex.o
 .text.__NVIC_SetPriority
                0x00000000080017a4       0x54 ./Drivers/STM32F1xx_HAL_Driver/Src/stm32f1xx_hal_cortex.o
 .text.NVIC_EncodePriority
                0x00000000080017f8       0x64 ./Drivers/STM32F1xx_HAL_Driver/Src/stm32f1xx_hal_cortex.o
 .text.SysTick_Config
                0x000000000800185c       0x44 ./Drivers/STM32F1xx_HAL_Driver/Src/stm32f1xx_hal_cortex.o
 .text.HAL_NVIC_SetPriorityGrouping
                0x00000000080018a0       0x16 ./Drivers/STM32F1xx_HAL_Driver/Src/stm32f1xx_hal_cortex.o
                0x00000000080018a0                HAL_NVIC_SetPriorityGrouping
 .text.HAL_NVIC_SetPriority
                0x00000000080018b6       0x38 ./Drivers/STM32F1xx_HAL_Driver/Src/stm32f1xx_hal_cortex.o
                0x00000000080018b6                HAL_NVIC_SetPriority
 .text.HAL_NVIC_EnableIRQ
                0x00000000080018ee       0x1c ./Drivers/STM32F1xx_HAL_Driver/Src/stm32f1xx_hal_cortex.o
                0x00000000080018ee                HAL_NVIC_EnableIRQ
 .text.HAL_SYSTICK_Config
                0x000000000800190a       0x18 ./Drivers/STM32F1xx_HAL_Driver/Src/stm32f1xx_hal_cortex.o
                0x000000000800190a                HAL_SYSTICK_Config
 *fill*         0x0000000008001922        0x2 
 .text.HAL_GPIO_Init
                0x0000000008001924      0x2f4 ./Drivers/STM32F1xx_HAL_Driver/Src/stm32f1xx_hal_gpio.o
                0x0000000008001924                HAL_GPIO_Init
 .text.HAL_GPIO_ReadPin
                0x0000000008001c18       0x2e ./Drivers/STM32F1xx_HAL_Driver/Src/stm32f1xx_hal_gpio.o
                0x0000000008001c18                HAL_GPIO_ReadPin
 .text.HAL_GPIO_WritePin
                0x0000000008001c46       0x30 ./Drivers/STM32F1xx_HAL_Driver/Src/stm32f1xx_hal_gpio.o
                0x0000000008001c46                HAL_GPIO_WritePin
 .text.HAL_GPIO_TogglePin
                0x0000000008001c76       0x32 ./Drivers/STM32F1xx_HAL_Driver/Src/stm32f1xx_hal_gpio.o
                0x0000000008001c76                HAL_GPIO_TogglePin
 .text.HAL_RCC_OscConfig
                0x0000000008001ca8      0x500 ./Drivers/STM32F1xx_HAL_Driver/Src/stm32f1xx_hal_rcc.o
                0x0000000008001ca8                HAL_RCC_OscConfig
 .text.HAL_RCC_ClockConfig
                0x00000000080021a8      0x1d4 ./Drivers/STM32F1xx_HAL_Driver/Src/stm32f1xx_hal_rcc.o
                0x00000000080021a8                HAL_RCC_ClockConfig
 .text.HAL_RCC_GetSysClockFreq
                0x000000000800237c       0xa8 ./Drivers/STM32F1xx_HAL_Driver/Src/stm32f1xx_hal_rcc.o
                0x000000000800237c                HAL_RCC_GetSysClockFreq
 .text.RCC_Delay
                0x0000000008002424       0x3c ./Drivers/STM32F1xx_HAL_Driver/Src/stm32f1xx_hal_rcc.o
 .text.HAL_TIM_Base_Init
                0x0000000008002460       0x9e ./Drivers/STM32F1xx_HAL_Driver/Src/stm32f1xx_hal_tim.o
                0x0000000008002460                HAL_TIM_Base_Init
 *fill*         0x00000000080024fe        0x2 
 .text.HAL_TIM_Base_Start_IT
                0x0000000008002500       0x98 ./Drivers/STM32F1xx_HAL_Driver/Src/stm32f1xx_hal_tim.o
                0x0000000008002500                HAL_TIM_Base_Start_IT
 .text.HAL_TIM_IRQHandler
                0x0000000008002598      0x1e0 ./Drivers/STM32F1xx_HAL_Driver/Src/stm32f1xx_hal_tim.o
                0x0000000008002598                HAL_TIM_IRQHandler
 .text.HAL_TIM_ConfigClockSource
                0x0000000008002778      0x18e ./Drivers/STM32F1xx_HAL_Driver/Src/stm32f1xx_hal_tim.o
                0x0000000008002778                HAL_TIM_ConfigClockSource
 .text.HAL_TIM_OC_DelayElapsedCallback
                0x0000000008002906       0x12 ./Drivers/STM32F1xx_HAL_Driver/Src/stm32f1xx_hal_tim.o
                0x0000000008002906                HAL_TIM_OC_DelayElapsedCallback
 .text.HAL_TIM_IC_CaptureCallback
                0x0000000008002918       0x12 ./Drivers/STM32F1xx_HAL_Driver/Src/stm32f1xx_hal_tim.o
                0x0000000008002918                HAL_TIM_IC_CaptureCallback
 .text.HAL_TIM_PWM_PulseFinishedCallback
                0x000000000800292a       0x12 ./Drivers/STM32F1xx_HAL_Driver/Src/stm32f1xx_hal_tim.o
                0x000000000800292a                HAL_TIM_PWM_PulseFinishedCallback
 .text.HAL_TIM_TriggerCallback
                0x000000000800293c       0x12 ./Drivers/STM32F1xx_HAL_Driver/Src/stm32f1xx_hal_tim.o
                0x000000000800293c                HAL_TIM_TriggerCallback
 *fill*         0x000000000800294e        0x2 
 .text.TIM_Base_SetConfig
                0x0000000008002950       0xc8 ./Drivers/STM32F1xx_HAL_Driver/Src/stm32f1xx_hal_tim.o
                0x0000000008002950                TIM_Base_SetConfig
 .text.TIM_TI1_ConfigInputStage
                0x0000000008002a18       0x5c ./Drivers/STM32F1xx_HAL_Driver/Src/stm32f1xx_hal_tim.o
 .text.TIM_TI2_ConfigInputStage
                0x0000000008002a74       0x5e ./Drivers/STM32F1xx_HAL_Driver/Src/stm32f1xx_hal_tim.o
 .text.TIM_ITRx_SetConfig
                0x0000000008002ad2       0x34 ./Drivers/STM32F1xx_HAL_Driver/Src/stm32f1xx_hal_tim.o
 .text.TIM_ETR_SetConfig
                0x0000000008002b06       0x3e ./Drivers/STM32F1xx_HAL_Driver/Src/stm32f1xx_hal_tim.o
                0x0000000008002b06                TIM_ETR_SetConfig
 .text.HAL_TIMEx_MasterConfigSynchronization
                0x0000000008002b44       0xb0 ./Drivers/STM32F1xx_HAL_Driver/Src/stm32f1xx_hal_tim_ex.o
                0x0000000008002b44                HAL_TIMEx_MasterConfigSynchronization
 .text.HAL_TIMEx_CommutCallback
                0x0000000008002bf4       0x12 ./Drivers/STM32F1xx_HAL_Driver/Src/stm32f1xx_hal_tim_ex.o
                0x0000000008002bf4                HAL_TIMEx_CommutCallback
 .text.HAL_TIMEx_BreakCallback
                0x0000000008002c06       0x12 ./Drivers/STM32F1xx_HAL_Driver/Src/stm32f1xx_hal_tim_ex.o
                0x0000000008002c06                HAL_TIMEx_BreakCallback
 .text.__libc_init_array
                0x0000000008002c18       0x48 c:/st/stm32cubeide_1.7.0/stm32cubeide/plugins/com.st.stm32cube.ide.mcu.externaltools.gnu-tools-for-stm32.9-2020-q2-update.win32_2.0.0.202105311346/tools/bin/../lib/gcc/arm-none-eabi/9.3.1/../../../../arm-none-eabi/lib/thumb/v7-m/nofp\libc_nano.a(lib_a-init.o)
                0x0000000008002c18                __libc_init_array
 .text.memset   0x0000000008002c60       0x10 c:/st/stm32cubeide_1.7.0/stm32cubeide/plugins/com.st.stm32cube.ide.mcu.externaltools.gnu-tools-for-stm32.9-2020-q2-update.win32_2.0.0.202105311346/tools/bin/../lib/gcc/arm-none-eabi/9.3.1/../../../../arm-none-eabi/lib/thumb/v7-m/nofp\libc_nano.a(lib_a-memset.o)
                0x0000000008002c60                memset
 *(.glue_7)
 .glue_7        0x0000000008002c70        0x0 linker stubs
 *(.glue_7t)
 .glue_7t       0x0000000008002c70        0x0 linker stubs
 *(.eh_frame)
 .eh_frame      0x0000000008002c70        0x0 c:/st/stm32cubeide_1.7.0/stm32cubeide/plugins/com.st.stm32cube.ide.mcu.externaltools.gnu-tools-for-stm32.9-2020-q2-update.win32_2.0.0.202105311346/tools/bin/../lib/gcc/arm-none-eabi/9.3.1/thumb/v7-m/nofp/crtbegin.o
 *(.init)
 .init          0x0000000008002c70        0x4 c:/st/stm32cubeide_1.7.0/stm32cubeide/plugins/com.st.stm32cube.ide.mcu.externaltools.gnu-tools-for-stm32.9-2020-q2-update.win32_2.0.0.202105311346/tools/bin/../lib/gcc/arm-none-eabi/9.3.1/thumb/v7-m/nofp/crti.o
                0x0000000008002c70                _init
 .init          0x0000000008002c74        0x8 c:/st/stm32cubeide_1.7.0/stm32cubeide/plugins/com.st.stm32cube.ide.mcu.externaltools.gnu-tools-for-stm32.9-2020-q2-update.win32_2.0.0.202105311346/tools/bin/../lib/gcc/arm-none-eabi/9.3.1/thumb/v7-m/nofp/crtn.o
 *(.fini)
 .fini          0x0000000008002c7c        0x4 c:/st/stm32cubeide_1.7.0/stm32cubeide/plugins/com.st.stm32cube.ide.mcu.externaltools.gnu-tools-for-stm32.9-2020-q2-update.win32_2.0.0.202105311346/tools/bin/../lib/gcc/arm-none-eabi/9.3.1/thumb/v7-m/nofp/crti.o
                0x0000000008002c7c                _fini
 .fini          0x0000000008002c80        0x8 c:/st/stm32cubeide_1.7.0/stm32cubeide/plugins/com.st.stm32cube.ide.mcu.externaltools.gnu-tools-for-stm32.9-2020-q2-update.win32_2.0.0.202105311346/tools/bin/../lib/gcc/arm-none-eabi/9.3.1/thumb/v7-m/nofp/crtn.o
                0x0000000008002c88                . = ALIGN (0x4)
                0x0000000008002c88                _etext = .

.vfp11_veneer   0x0000000008002c88        0x0
 .vfp11_veneer  0x0000000008002c88        0x0 linker stubs

.v4_bx          0x0000000008002c88        0x0
 .v4_bx         0x0000000008002c88        0x0 linker stubs

.iplt           0x0000000008002c88        0x0
 .iplt          0x0000000008002c88        0x0 c:/st/stm32cubeide_1.7.0/stm32cubeide/plugins/com.st.stm32cube.ide.mcu.externaltools.gnu-tools-for-stm32.9-2020-q2-update.win32_2.0.0.202105311346/tools/bin/../lib/gcc/arm-none-eabi/9.3.1/thumb/v7-m/nofp/crtbegin.o

.rodata         0x0000000008002c88       0x24
                0x0000000008002c88                . = ALIGN (0x4)
 *(.rodata)
 *(.rodata*)
 .rodata.AHBPrescTable
                0x0000000008002c88       0x10 ./Core/Src/system_stm32f1xx.o
                0x0000000008002c88                AHBPrescTable
 .rodata.aPLLMULFactorTable.6032
                0x0000000008002c98       0x10 ./Drivers/STM32F1xx_HAL_Driver/Src/stm32f1xx_hal_rcc.o
 .rodata.aPredivFactorTable.6033
                0x0000000008002ca8        0x2 ./Drivers/STM32F1xx_HAL_Driver/Src/stm32f1xx_hal_rcc.o
                0x0000000008002cac                . = ALIGN (0x4)
 *fill*         0x0000000008002caa        0x2 

.rel.dyn        0x0000000008002cac        0x0
 .rel.iplt      0x0000000008002cac        0x0 c:/st/stm32cubeide_1.7.0/stm32cubeide/plugins/com.st.stm32cube.ide.mcu.externaltools.gnu-tools-for-stm32.9-2020-q2-update.win32_2.0.0.202105311346/tools/bin/../lib/gcc/arm-none-eabi/9.3.1/thumb/v7-m/nofp/crtbegin.o

.ARM.extab      0x0000000008002cac        0x0
                0x0000000008002cac                . = ALIGN (0x4)
 *(.ARM.extab* .gnu.linkonce.armextab.*)
                0x0000000008002cac                . = ALIGN (0x4)

.ARM            0x0000000008002cac        0x0
                0x0000000008002cac                . = ALIGN (0x4)
                0x0000000008002cac                __exidx_start = .
 *(.ARM.exidx*)
                0x0000000008002cac                __exidx_end = .
                0x0000000008002cac                . = ALIGN (0x4)

.preinit_array  0x0000000008002cac        0x0
                0x0000000008002cac                . = ALIGN (0x4)
                0x0000000008002cac                PROVIDE (__preinit_array_start = .)
 *(.preinit_array*)
                0x0000000008002cac                PROVIDE (__preinit_array_end = .)
                0x0000000008002cac                . = ALIGN (0x4)

.init_array     0x0000000008002cac        0x4
                0x0000000008002cac                . = ALIGN (0x4)
                0x0000000008002cac                PROVIDE (__init_array_start = .)
 *(SORT_BY_NAME(.init_array.*))
 *(.init_array*)
 .init_array    0x0000000008002cac        0x4 c:/st/stm32cubeide_1.7.0/stm32cubeide/plugins/com.st.stm32cube.ide.mcu.externaltools.gnu-tools-for-stm32.9-2020-q2-update.win32_2.0.0.202105311346/tools/bin/../lib/gcc/arm-none-eabi/9.3.1/thumb/v7-m/nofp/crtbegin.o
                0x0000000008002cb0                PROVIDE (__init_array_end = .)
                0x0000000008002cb0                . = ALIGN (0x4)

.fini_array     0x0000000008002cb0        0x4
                0x0000000008002cb0                . = ALIGN (0x4)
                [!provide]                        PROVIDE (__fini_array_start = .)
 *(SORT_BY_NAME(.fini_array.*))
 *(.fini_array*)
 .fini_array    0x0000000008002cb0        0x4 c:/st/stm32cubeide_1.7.0/stm32cubeide/plugins/com.st.stm32cube.ide.mcu.externaltools.gnu-tools-for-stm32.9-2020-q2-update.win32_2.0.0.202105311346/tools/bin/../lib/gcc/arm-none-eabi/9.3.1/thumb/v7-m/nofp/crtbegin.o
                [!provide]                        PROVIDE (__fini_array_end = .)
                0x0000000008002cb4                . = ALIGN (0x4)
                0x0000000008002cb4                _sidata = LOADADDR (.data)

.data           0x0000000020000000       0x3c load address 0x0000000008002cb4
                0x0000000020000000                . = ALIGN (0x4)
                0x0000000020000000                _sdata = .
 *(.data)
 *(.data*)
 .data.trafficTimeBackup
                0x0000000020000000       0x18 ./Core/Src/led_display.o
                0x0000000020000000                trafficTimeBackup
 .data.trafficTime
                0x0000000020000018       0x18 ./Core/Src/led_display.o
                0x0000000020000018                trafficTime
 .data.SystemCoreClock
                0x0000000020000030        0x4 ./Core/Src/system_stm32f1xx.o
                0x0000000020000030                SystemCoreClock
 .data.uwTickPrio
                0x0000000020000034        0x4 ./Drivers/STM32F1xx_HAL_Driver/Src/stm32f1xx_hal.o
                0x0000000020000034                uwTickPrio
 .data.uwTickFreq
                0x0000000020000038        0x1 ./Drivers/STM32F1xx_HAL_Driver/Src/stm32f1xx_hal.o
                0x0000000020000038                uwTickFreq
 *(.RamFunc)
 *(.RamFunc*)
                0x000000002000003c                . = ALIGN (0x4)
 *fill*         0x0000000020000039        0x3 
                0x000000002000003c                _edata = .

.igot.plt       0x000000002000003c        0x0 load address 0x0000000008002cf0
 .igot.plt      0x000000002000003c        0x0 c:/st/stm32cubeide_1.7.0/stm32cubeide/plugins/com.st.stm32cube.ide.mcu.externaltools.gnu-tools-for-stm32.9-2020-q2-update.win32_2.0.0.202105311346/tools/bin/../lib/gcc/arm-none-eabi/9.3.1/thumb/v7-m/nofp/crtbegin.o
                0x000000002000003c                . = ALIGN (0x4)

.bss            0x000000002000003c      0x3d8 load address 0x0000000008002cf0
                0x000000002000003c                _sbss = .
                0x000000002000003c                __bss_start__ = _sbss
 *(.bss)
 .bss           0x000000002000003c       0x1c c:/st/stm32cubeide_1.7.0/stm32cubeide/plugins/com.st.stm32cube.ide.mcu.externaltools.gnu-tools-for-stm32.9-2020-q2-update.win32_2.0.0.202105311346/tools/bin/../lib/gcc/arm-none-eabi/9.3.1/thumb/v7-m/nofp/crtbegin.o
 *(.bss*)
 .bss.mode      0x0000000020000058        0x4 ./Core/Src/input_processing.o
                0x0000000020000058                mode
 .bss.edit_phase
                0x000000002000005c        0x4 ./Core/Src/input_processing.o
                0x000000002000005c                edit_phase
 .bss.buttonBuffer
                0x0000000020000060        0x3 ./Core/Src/input_reading.o
 *fill*         0x0000000020000063        0x1 
 .bss.debounceButtonBuffer1
                0x0000000020000064        0x3 ./Core/Src/input_reading.o
 *fill*         0x0000000020000067        0x1 
 .bss.debounceButtonBuffer2
                0x0000000020000068        0x3 ./Core/Src/input_reading.o
 *fill*         0x000000002000006b        0x1 
 .bss.buttonBufferBefore
                0x000000002000006c        0x3 ./Core/Src/input_reading.o
 *fill*         0x000000002000006f        0x1 
 .bss.counterForButtonPress1s
                0x0000000020000070        0x6 ./Core/Src/input_reading.o
 *fill*         0x0000000020000076        0x2 
 .bss.flagForButtonPress1s
                0x0000000020000078        0x3 ./Core/Src/input_reading.o
 *fill*         0x000000002000007b        0x1 
 .bss.flagForButtonPressDetected
                0x000000002000007c        0x3 ./Core/Src/input_reading.o
 .bss.pos7Seg   0x000000002000007f        0x1 ./Core/Src/led_display.o
 .bss.pos7Seg_mode
                0x0000000020000080        0x1 ./Core/Src/led_display.o
 *fill*         0x0000000020000081        0x3 
 .bss.mode_digit
                0x0000000020000084        0x4 ./Core/Src/led_display.o
                0x0000000020000084                mode_digit
 .bss.curpos    0x0000000020000088        0x4 ./Core/Src/led_display.o
 .bss.curpos2   0x000000002000008c        0x4 ./Core/Src/led_display.o
 *(COMMON)
 COMMON         0x0000000020000090      0x320 ./Core/Src/SCH.o
                0x0000000020000090                SCH_tasks_G
 COMMON         0x00000000200003b0       0x18 ./Core/Src/input_processing.o
                0x00000000200003b0                trafficTimeTemp
 COMMON         0x00000000200003c8       0x48 ./Core/Src/main.o
                0x00000000200003c8                htim2
 COMMON         0x0000000020000410        0x4 ./Drivers/STM32F1xx_HAL_Driver/Src/stm32f1xx_hal.o
                0x0000000020000410                uwTick
                0x0000000020000414                . = ALIGN (0x4)
                0x0000000020000414                _ebss = .
                0x0000000020000414                __bss_end__ = _ebss

._user_heap_stack
                0x0000000020000414      0x604 load address 0x0000000008002cf0
                0x0000000020000418                . = ALIGN (0x8)
 *fill*         0x0000000020000414        0x4 
                [!provide]                        PROVIDE (end = .)
                0x0000000020000418                PROVIDE (_end = .)
                0x0000000020000618                . = (. + _Min_Heap_Size)
 *fill*         0x0000000020000418      0x200 
                0x0000000020000a18                . = (. + _Min_Stack_Size)
 *fill*         0x0000000020000618      0x400 
                0x0000000020000a18                . = ALIGN (0x8)

/DISCARD/
 libc.a(*)
 libm.a(*)
 libgcc.a(*)

.ARM.attributes
                0x0000000000000000       0x29
 *(.ARM.attributes)
 .ARM.attributes
                0x0000000000000000       0x1d c:/st/stm32cubeide_1.7.0/stm32cubeide/plugins/com.st.stm32cube.ide.mcu.externaltools.gnu-tools-for-stm32.9-2020-q2-update.win32_2.0.0.202105311346/tools/bin/../lib/gcc/arm-none-eabi/9.3.1/thumb/v7-m/nofp/crti.o
 .ARM.attributes
                0x000000000000001d       0x2d c:/st/stm32cubeide_1.7.0/stm32cubeide/plugins/com.st.stm32cube.ide.mcu.externaltools.gnu-tools-for-stm32.9-2020-q2-update.win32_2.0.0.202105311346/tools/bin/../lib/gcc/arm-none-eabi/9.3.1/thumb/v7-m/nofp/crtbegin.o
 .ARM.attributes
                0x000000000000004a       0x2d ./Core/Src/SCH.o
 .ARM.attributes
                0x0000000000000077       0x2d ./Core/Src/global.o
 .ARM.attributes
                0x00000000000000a4       0x2d ./Core/Src/input_processing.o
 .ARM.attributes
                0x00000000000000d1       0x2d ./Core/Src/input_reading.o
 .ARM.attributes
                0x00000000000000fe       0x2d ./Core/Src/led_display.o
 .ARM.attributes
                0x000000000000012b       0x2d ./Core/Src/main.o
 .ARM.attributes
                0x0000000000000158       0x2d ./Core/Src/stm32f1xx_hal_msp.o
 .ARM.attributes
                0x0000000000000185       0x2d ./Core/Src/stm32f1xx_it.o
 .ARM.attributes
                0x00000000000001b2       0x2d ./Core/Src/system_stm32f1xx.o
 .ARM.attributes
                0x00000000000001df       0x21 ./Core/Startup/startup_stm32f103c6tx.o
 .ARM.attributes
                0x0000000000000200       0x2d ./Drivers/STM32F1xx_HAL_Driver/Src/stm32f1xx_hal.o
 .ARM.attributes
                0x000000000000022d       0x2d ./Drivers/STM32F1xx_HAL_Driver/Src/stm32f1xx_hal_cortex.o
 .ARM.attributes
                0x000000000000025a       0x2d ./Drivers/STM32F1xx_HAL_Driver/Src/stm32f1xx_hal_gpio.o
 .ARM.attributes
                0x0000000000000287       0x2d ./Drivers/STM32F1xx_HAL_Driver/Src/stm32f1xx_hal_rcc.o
 .ARM.attributes
                0x00000000000002b4       0x2d ./Drivers/STM32F1xx_HAL_Driver/Src/stm32f1xx_hal_tim.o
 .ARM.attributes
                0x00000000000002e1       0x2d ./Drivers/STM32F1xx_HAL_Driver/Src/stm32f1xx_hal_tim_ex.o
 .ARM.attributes
                0x000000000000030e       0x2d c:/st/stm32cubeide_1.7.0/stm32cubeide/plugins/com.st.stm32cube.ide.mcu.externaltools.gnu-tools-for-stm32.9-2020-q2-update.win32_2.0.0.202105311346/tools/bin/../lib/gcc/arm-none-eabi/9.3.1/../../../../arm-none-eabi/lib/thumb/v7-m/nofp\libc_nano.a(lib_a-init.o)
 .ARM.attributes
                0x000000000000033b       0x2d c:/st/stm32cubeide_1.7.0/stm32cubeide/plugins/com.st.stm32cube.ide.mcu.externaltools.gnu-tools-for-stm32.9-2020-q2-update.win32_2.0.0.202105311346/tools/bin/../lib/gcc/arm-none-eabi/9.3.1/../../../../arm-none-eabi/lib/thumb/v7-m/nofp\libc_nano.a(lib_a-memset.o)
 .ARM.attributes
                0x0000000000000368       0x1d c:/st/stm32cubeide_1.7.0/stm32cubeide/plugins/com.st.stm32cube.ide.mcu.externaltools.gnu-tools-for-stm32.9-2020-q2-update.win32_2.0.0.202105311346/tools/bin/../lib/gcc/arm-none-eabi/9.3.1/thumb/v7-m/nofp/crtn.o
OUTPUT(testttt.elf elf32-littlearm)
LOAD linker stubs
LOAD c:/st/stm32cubeide_1.7.0/stm32cubeide/plugins/com.st.stm32cube.ide.mcu.externaltools.gnu-tools-for-stm32.9-2020-q2-update.win32_2.0.0.202105311346/tools/bin/../lib/gcc/arm-none-eabi/9.3.1/../../../../arm-none-eabi/lib/thumb/v7-m/nofp\libc.a
LOAD c:/st/stm32cubeide_1.7.0/stm32cubeide/plugins/com.st.stm32cube.ide.mcu.externaltools.gnu-tools-for-stm32.9-2020-q2-update.win32_2.0.0.202105311346/tools/bin/../lib/gcc/arm-none-eabi/9.3.1/../../../../arm-none-eabi/lib/thumb/v7-m/nofp\libm.a
LOAD c:/st/stm32cubeide_1.7.0/stm32cubeide/plugins/com.st.stm32cube.ide.mcu.externaltools.gnu-tools-for-stm32.9-2020-q2-update.win32_2.0.0.202105311346/tools/bin/../lib/gcc/arm-none-eabi/9.3.1/thumb/v7-m/nofp\libgcc.a

.debug_info     0x0000000000000000     0x9d85
 .debug_info    0x0000000000000000      0x324 ./Core/Src/SCH.o
 .debug_info    0x0000000000000324      0x23f ./Core/Src/global.o
 .debug_info    0x0000000000000563      0xb11 ./Core/Src/input_processing.o
 .debug_info    0x0000000000001074      0x365 ./Core/Src/input_reading.o
 .debug_info    0x00000000000013d9      0x440 ./Core/Src/led_display.o
 .debug_info    0x0000000000001819      0xc7b ./Core/Src/main.o
 .debug_info    0x0000000000002494      0xa09 ./Core/Src/stm32f1xx_hal_msp.o
 .debug_info    0x0000000000002e9d      0x7b9 ./Core/Src/stm32f1xx_it.o
 .debug_info    0x0000000000003656      0x2be ./Core/Src/system_stm32f1xx.o
 .debug_info    0x0000000000003914       0x22 ./Core/Startup/startup_stm32f103c6tx.o
 .debug_info    0x0000000000003936      0x74c ./Drivers/STM32F1xx_HAL_Driver/Src/stm32f1xx_hal.o
 .debug_info    0x0000000000004082      0xbbe ./Drivers/STM32F1xx_HAL_Driver/Src/stm32f1xx_hal_cortex.o
 .debug_info    0x0000000000004c40      0x701 ./Drivers/STM32F1xx_HAL_Driver/Src/stm32f1xx_hal_gpio.o
 .debug_info    0x0000000000005341      0x893 ./Drivers/STM32F1xx_HAL_Driver/Src/stm32f1xx_hal_rcc.o
 .debug_info    0x0000000000005bd4     0x2c32 ./Drivers/STM32F1xx_HAL_Driver/Src/stm32f1xx_hal_tim.o
 .debug_info    0x0000000000008806     0x157f ./Drivers/STM32F1xx_HAL_Driver/Src/stm32f1xx_hal_tim_ex.o

.debug_abbrev   0x0000000000000000     0x1c15
 .debug_abbrev  0x0000000000000000      0x184 ./Core/Src/SCH.o
 .debug_abbrev  0x0000000000000184       0xf8 ./Core/Src/global.o
 .debug_abbrev  0x000000000000027c      0x1ef ./Core/Src/input_processing.o
 .debug_abbrev  0x000000000000046b      0x152 ./Core/Src/input_reading.o
 .debug_abbrev  0x00000000000005bd      0x179 ./Core/Src/led_display.o
 .debug_abbrev  0x0000000000000736      0x233 ./Core/Src/main.o
 .debug_abbrev  0x0000000000000969      0x1b7 ./Core/Src/stm32f1xx_hal_msp.o
 .debug_abbrev  0x0000000000000b20      0x176 ./Core/Src/stm32f1xx_it.o
 .debug_abbrev  0x0000000000000c96      0x14e ./Core/Src/system_stm32f1xx.o
 .debug_abbrev  0x0000000000000de4       0x12 ./Core/Startup/startup_stm32f103c6tx.o
 .debug_abbrev  0x0000000000000df6      0x1ed ./Drivers/STM32F1xx_HAL_Driver/Src/stm32f1xx_hal.o
 .debug_abbrev  0x0000000000000fe3      0x313 ./Drivers/STM32F1xx_HAL_Driver/Src/stm32f1xx_hal_cortex.o
 .debug_abbrev  0x00000000000012f6      0x1e8 ./Drivers/STM32F1xx_HAL_Driver/Src/stm32f1xx_hal_gpio.o
 .debug_abbrev  0x00000000000014de      0x273 ./Drivers/STM32F1xx_HAL_Driver/Src/stm32f1xx_hal_rcc.o
 .debug_abbrev  0x0000000000001751      0x25e ./Drivers/STM32F1xx_HAL_Driver/Src/stm32f1xx_hal_tim.o
 .debug_abbrev  0x00000000000019af      0x266 ./Drivers/STM32F1xx_HAL_Driver/Src/stm32f1xx_hal_tim_ex.o

.debug_aranges  0x0000000000000000      0xa50
 .debug_aranges
                0x0000000000000000       0x40 ./Core/Src/SCH.o
 .debug_aranges
                0x0000000000000040       0x20 ./Core/Src/global.o
 .debug_aranges
                0x0000000000000060       0x20 ./Core/Src/input_processing.o
 .debug_aranges
                0x0000000000000080       0x30 ./Core/Src/input_reading.o
 .debug_aranges
                0x00000000000000b0       0x70 ./Core/Src/led_display.o
 .debug_aranges
                0x0000000000000120       0x48 ./Core/Src/main.o
 .debug_aranges
                0x0000000000000168       0x30 ./Core/Src/stm32f1xx_hal_msp.o
 .debug_aranges
                0x0000000000000198       0x68 ./Core/Src/stm32f1xx_it.o
 .debug_aranges
                0x0000000000000200       0x28 ./Core/Src/system_stm32f1xx.o
 .debug_aranges
                0x0000000000000228       0x28 ./Core/Startup/startup_stm32f103c6tx.o
 .debug_aranges
                0x0000000000000250       0xe0 ./Drivers/STM32F1xx_HAL_Driver/Src/stm32f1xx_hal.o
 .debug_aranges
                0x0000000000000330      0x100 ./Drivers/STM32F1xx_HAL_Driver/Src/stm32f1xx_hal_cortex.o
 .debug_aranges
                0x0000000000000430       0x58 ./Drivers/STM32F1xx_HAL_Driver/Src/stm32f1xx_hal_gpio.o
 .debug_aranges
                0x0000000000000488       0x90 ./Drivers/STM32F1xx_HAL_Driver/Src/stm32f1xx_hal_rcc.o
 .debug_aranges
                0x0000000000000518      0x3d0 ./Drivers/STM32F1xx_HAL_Driver/Src/stm32f1xx_hal_tim.o
 .debug_aranges
                0x00000000000008e8      0x168 ./Drivers/STM32F1xx_HAL_Driver/Src/stm32f1xx_hal_tim_ex.o

.debug_ranges   0x0000000000000000      0x958
 .debug_ranges  0x0000000000000000       0x30 ./Core/Src/SCH.o
 .debug_ranges  0x0000000000000030       0x10 ./Core/Src/global.o
 .debug_ranges  0x0000000000000040       0x10 ./Core/Src/input_processing.o
 .debug_ranges  0x0000000000000050       0x20 ./Core/Src/input_reading.o
 .debug_ranges  0x0000000000000070       0x60 ./Core/Src/led_display.o
 .debug_ranges  0x00000000000000d0       0x38 ./Core/Src/main.o
 .debug_ranges  0x0000000000000108       0x20 ./Core/Src/stm32f1xx_hal_msp.o
 .debug_ranges  0x0000000000000128       0x58 ./Core/Src/stm32f1xx_it.o
 .debug_ranges  0x0000000000000180       0x18 ./Core/Src/system_stm32f1xx.o
 .debug_ranges  0x0000000000000198       0x20 ./Core/Startup/startup_stm32f103c6tx.o
 .debug_ranges  0x00000000000001b8       0xd0 ./Drivers/STM32F1xx_HAL_Driver/Src/stm32f1xx_hal.o
 .debug_ranges  0x0000000000000288       0xf0 ./Drivers/STM32F1xx_HAL_Driver/Src/stm32f1xx_hal_cortex.o
 .debug_ranges  0x0000000000000378       0x48 ./Drivers/STM32F1xx_HAL_Driver/Src/stm32f1xx_hal_gpio.o
 .debug_ranges  0x00000000000003c0       0x80 ./Drivers/STM32F1xx_HAL_Driver/Src/stm32f1xx_hal_rcc.o
 .debug_ranges  0x0000000000000440      0x3c0 ./Drivers/STM32F1xx_HAL_Driver/Src/stm32f1xx_hal_tim.o
 .debug_ranges  0x0000000000000800      0x158 ./Drivers/STM32F1xx_HAL_Driver/Src/stm32f1xx_hal_tim_ex.o

.debug_macro    0x0000000000000000    0x17483
 .debug_macro   0x0000000000000000      0x1b6 ./Core/Src/SCH.o
 .debug_macro   0x00000000000001b6      0xa9c ./Core/Src/SCH.o
 .debug_macro   0x0000000000000c52      0x215 ./Core/Src/SCH.o
 .debug_macro   0x0000000000000e67       0x2e ./Core/Src/SCH.o
 .debug_macro   0x0000000000000e95       0x22 ./Core/Src/SCH.o
 .debug_macro   0x0000000000000eb7       0x22 ./Core/Src/SCH.o
 .debug_macro   0x0000000000000ed9       0x8e ./Core/Src/SCH.o
 .debug_macro   0x0000000000000f67       0x51 ./Core/Src/SCH.o
 .debug_macro   0x0000000000000fb8      0x103 ./Core/Src/SCH.o
 .debug_macro   0x00000000000010bb       0x6a ./Core/Src/SCH.o
 .debug_macro   0x0000000000001125      0x1df ./Core/Src/SCH.o
 .debug_macro   0x0000000000001304       0x1c ./Core/Src/SCH.o
 .debug_macro   0x0000000000001320       0x22 ./Core/Src/SCH.o
 .debug_macro   0x0000000000001342       0xc3 ./Core/Src/SCH.o
 .debug_macro   0x0000000000001405      0xd23 ./Core/Src/SCH.o
 .debug_macro   0x0000000000002128     0xde75 ./Core/Src/SCH.o
 .debug_macro   0x000000000000ff9d       0x6d ./Core/Src/SCH.o
 .debug_macro   0x000000000001000a     0x34a2 ./Core/Src/SCH.o
 .debug_macro   0x00000000000134ac      0x174 ./Core/Src/SCH.o
 .debug_macro   0x0000000000013620       0x5c ./Core/Src/SCH.o
 .debug_macro   0x000000000001367c      0x5bc ./Core/Src/SCH.o
 .debug_macro   0x0000000000013c38      0x1b7 ./Core/Src/SCH.o
 .debug_macro   0x0000000000013def      0x1cb ./Core/Src/SCH.o
 .debug_macro   0x0000000000013fba      0x114 ./Core/Src/SCH.o
 .debug_macro   0x00000000000140ce      0x1b2 ./Core/Src/SCH.o
 .debug_macro   0x0000000000014280       0x27 ./Core/Src/SCH.o
 .debug_macro   0x00000000000142a7      0x12f ./Core/Src/SCH.o
 .debug_macro   0x00000000000143d6      0x1bc ./Core/Src/SCH.o
 .debug_macro   0x0000000000014592       0x34 ./Core/Src/SCH.o
 .debug_macro   0x00000000000145c6       0x3c ./Core/Src/SCH.o
 .debug_macro   0x0000000000014602       0x57 ./Core/Src/SCH.o
 .debug_macro   0x0000000000014659       0x87 ./Core/Src/SCH.o
 .debug_macro   0x00000000000146e0      0x183 ./Core/Src/SCH.o
 .debug_macro   0x0000000000014863      0x140 ./Core/Src/SCH.o
 .debug_macro   0x00000000000149a3      0x8ed ./Core/Src/SCH.o
 .debug_macro   0x0000000000015290       0x69 ./Core/Src/SCH.o
 .debug_macro   0x00000000000152f9      0x154 ./Core/Src/SCH.o
 .debug_macro   0x000000000001544d      0x1b0 ./Core/Src/global.o
 .debug_macro   0x00000000000155fd      0x28f ./Core/Src/input_processing.o
 .debug_macro   0x000000000001588c       0x1c ./Core/Src/input_processing.o
 .debug_macro   0x00000000000158a8       0x18 ./Core/Src/input_processing.o
 .debug_macro   0x00000000000158c0       0x52 ./Core/Src/input_processing.o
 .debug_macro   0x0000000000015912       0x3c ./Core/Src/input_processing.o
 .debug_macro   0x000000000001594e       0x34 ./Core/Src/input_processing.o
 .debug_macro   0x0000000000015982       0x16 ./Core/Src/input_processing.o
 .debug_macro   0x0000000000015998       0x35 ./Core/Src/input_processing.o
 .debug_macro   0x00000000000159cd       0x16 ./Core/Src/input_processing.o
 .debug_macro   0x00000000000159e3       0x43 ./Core/Src/input_processing.o
 .debug_macro   0x0000000000015a26       0x34 ./Core/Src/input_processing.o
 .debug_macro   0x0000000000015a5a       0x10 ./Core/Src/input_processing.o
 .debug_macro   0x0000000000015a6a       0x58 ./Core/Src/input_processing.o
 .debug_macro   0x0000000000015ac2       0x71 ./Core/Src/input_processing.o
 .debug_macro   0x0000000000015b33       0x1c ./Core/Src/input_processing.o
 .debug_macro   0x0000000000015b4f      0x12a ./Core/Src/input_processing.o
 .debug_macro   0x0000000000015c79      0x333 ./Core/Src/input_processing.o
 .debug_macro   0x0000000000015fac       0x16 ./Core/Src/input_processing.o
 .debug_macro   0x0000000000015fc2       0x29 ./Core/Src/input_processing.o
 .debug_macro   0x0000000000015feb      0x1b5 ./Core/Src/input_reading.o
 .debug_macro   0x00000000000161a0      0x1b4 ./Core/Src/led_display.o
 .debug_macro   0x0000000000016354      0x1e4 ./Core/Src/main.o
 .debug_macro   0x0000000000016538       0x22 ./Core/Src/main.o
 .debug_macro   0x000000000001655a       0x10 ./Core/Src/main.o
 .debug_macro   0x000000000001656a      0x1a6 ./Core/Src/stm32f1xx_hal_msp.o
 .debug_macro   0x0000000000016710      0x1b0 ./Core/Src/stm32f1xx_it.o
 .debug_macro   0x00000000000168c0      0x197 ./Core/Src/system_stm32f1xx.o
 .debug_macro   0x0000000000016a57      0x1bb ./Drivers/STM32F1xx_HAL_Driver/Src/stm32f1xx_hal.o
 .debug_macro   0x0000000000016c12      0x197 ./Drivers/STM32F1xx_HAL_Driver/Src/stm32f1xx_hal_cortex.o
 .debug_macro   0x0000000000016da9      0x202 ./Drivers/STM32F1xx_HAL_Driver/Src/stm32f1xx_hal_gpio.o
 .debug_macro   0x0000000000016fab      0x1a9 ./Drivers/STM32F1xx_HAL_Driver/Src/stm32f1xx_hal_rcc.o
 .debug_macro   0x0000000000017154      0x198 ./Drivers/STM32F1xx_HAL_Driver/Src/stm32f1xx_hal_tim.o
 .debug_macro   0x00000000000172ec      0x197 ./Drivers/STM32F1xx_HAL_Driver/Src/stm32f1xx_hal_tim_ex.o

.debug_line     0x0000000000000000     0xbbd1
 .debug_line    0x0000000000000000      0x79c ./Core/Src/SCH.o
 .debug_line    0x000000000000079c      0x670 ./Core/Src/global.o
 .debug_line    0x0000000000000e0c      0x914 ./Core/Src/input_processing.o
 .debug_line    0x0000000000001720      0x779 ./Core/Src/input_reading.o
 .debug_line    0x0000000000001e99      0x9c6 ./Core/Src/led_display.o
 .debug_line    0x000000000000285f      0x7eb ./Core/Src/main.o
 .debug_line    0x000000000000304a      0x6a1 ./Core/Src/stm32f1xx_hal_msp.o
 .debug_line    0x00000000000036eb      0x73f ./Core/Src/stm32f1xx_it.o
 .debug_line    0x0000000000003e2a      0x6e3 ./Core/Src/system_stm32f1xx.o
 .debug_line    0x000000000000450d       0x86 ./Core/Startup/startup_stm32f103c6tx.o
 .debug_line    0x0000000000004593      0x910 ./Drivers/STM32F1xx_HAL_Driver/Src/stm32f1xx_hal.o
 .debug_line    0x0000000000004ea3      0xaf8 ./Drivers/STM32F1xx_HAL_Driver/Src/stm32f1xx_hal_cortex.o
 .debug_line    0x000000000000599b      0x993 ./Drivers/STM32F1xx_HAL_Driver/Src/stm32f1xx_hal_gpio.o
 .debug_line    0x000000000000632e      0xd1c ./Drivers/STM32F1xx_HAL_Driver/Src/stm32f1xx_hal_rcc.o
 .debug_line    0x000000000000704a     0x3361 ./Drivers/STM32F1xx_HAL_Driver/Src/stm32f1xx_hal_tim.o
 .debug_line    0x000000000000a3ab     0x1826 ./Drivers/STM32F1xx_HAL_Driver/Src/stm32f1xx_hal_tim_ex.o

.debug_str      0x0000000000000000    0x857a2
 .debug_str     0x0000000000000000    0x7f8ee ./Core/Src/SCH.o
                                      0x7fc3a (size before relaxing)
 .debug_str     0x000000000007f8ee       0x4f ./Core/Src/global.o
                                      0x7fbeb (size before relaxing)
 .debug_str     0x000000000007f93d     0x330d ./Core/Src/input_processing.o
                                      0x82f10 (size before relaxing)
 .debug_str     0x0000000000082c4a       0xfa ./Core/Src/input_reading.o
                                      0x7fd40 (size before relaxing)
 .debug_str     0x0000000000082d44      0x108 ./Core/Src/led_display.o
                                      0x7fd03 (size before relaxing)
 .debug_str     0x0000000000082e4c      0x712 ./Core/Src/main.o
                                      0x804a4 (size before relaxing)
 .debug_str     0x000000000008355e      0x2ba ./Core/Src/stm32f1xx_hal_msp.o
                                      0x8039c (size before relaxing)
 .debug_str     0x0000000000083818       0xcd ./Core/Src/stm32f1xx_it.o
                                      0x800fe (size before relaxing)
 .debug_str     0x00000000000838e5       0x52 ./Core/Src/system_stm32f1xx.o
                                      0x7f785 (size before relaxing)
 .debug_str     0x0000000000083937       0x36 ./Core/Startup/startup_stm32f103c6tx.o
                                         0x79 (size before relaxing)
 .debug_str     0x000000000008396d      0x304 ./Drivers/STM32F1xx_HAL_Driver/Src/stm32f1xx_hal.o
                                      0x7fddc (size before relaxing)
 .debug_str     0x0000000000083c71      0x300 ./Drivers/STM32F1xx_HAL_Driver/Src/stm32f1xx_hal_cortex.o
                                      0x7fde4 (size before relaxing)
 .debug_str     0x0000000000083f71      0x316 ./Drivers/STM32F1xx_HAL_Driver/Src/stm32f1xx_hal_gpio.o
                                      0x7fb49 (size before relaxing)
 .debug_str     0x0000000000084287      0x24f ./Drivers/STM32F1xx_HAL_Driver/Src/stm32f1xx_hal_rcc.o
                                      0x7fb82 (size before relaxing)
 .debug_str     0x00000000000844d6      0xdde ./Drivers/STM32F1xx_HAL_Driver/Src/stm32f1xx_hal_tim.o
                                      0x80b6b (size before relaxing)
 .debug_str     0x00000000000852b4      0x4ee ./Drivers/STM32F1xx_HAL_Driver/Src/stm32f1xx_hal_tim_ex.o
                                      0x8030c (size before relaxing)

.comment        0x0000000000000000       0x53
 .comment       0x0000000000000000       0x53 ./Core/Src/SCH.o
                                         0x54 (size before relaxing)
 .comment       0x0000000000000053       0x54 ./Core/Src/global.o
 .comment       0x0000000000000053       0x54 ./Core/Src/input_processing.o
 .comment       0x0000000000000053       0x54 ./Core/Src/input_reading.o
 .comment       0x0000000000000053       0x54 ./Core/Src/led_display.o
 .comment       0x0000000000000053       0x54 ./Core/Src/main.o
 .comment       0x0000000000000053       0x54 ./Core/Src/stm32f1xx_hal_msp.o
 .comment       0x0000000000000053       0x54 ./Core/Src/stm32f1xx_it.o
 .comment       0x0000000000000053       0x54 ./Core/Src/system_stm32f1xx.o
 .comment       0x0000000000000053       0x54 ./Drivers/STM32F1xx_HAL_Driver/Src/stm32f1xx_hal.o
 .comment       0x0000000000000053       0x54 ./Drivers/STM32F1xx_HAL_Driver/Src/stm32f1xx_hal_cortex.o
 .comment       0x0000000000000053       0x54 ./Drivers/STM32F1xx_HAL_Driver/Src/stm32f1xx_hal_gpio.o
 .comment       0x0000000000000053       0x54 ./Drivers/STM32F1xx_HAL_Driver/Src/stm32f1xx_hal_rcc.o
 .comment       0x0000000000000053       0x54 ./Drivers/STM32F1xx_HAL_Driver/Src/stm32f1xx_hal_tim.o
 .comment       0x0000000000000053       0x54 ./Drivers/STM32F1xx_HAL_Driver/Src/stm32f1xx_hal_tim_ex.o

.debug_frame    0x0000000000000000     0x28fc
 .debug_frame   0x0000000000000000       0xd4 ./Core/Src/SCH.o
 .debug_frame   0x00000000000000d4       0x2c ./Core/Src/global.o
 .debug_frame   0x0000000000000100       0x38 ./Core/Src/input_processing.o
 .debug_frame   0x0000000000000138       0x88 ./Core/Src/input_reading.o
 .debug_frame   0x00000000000001c0      0x178 ./Core/Src/led_display.o
 .debug_frame   0x0000000000000338       0xd4 ./Core/Src/main.o
 .debug_frame   0x000000000000040c       0x80 ./Core/Src/stm32f1xx_hal_msp.o
 .debug_frame   0x000000000000048c      0x120 ./Core/Src/stm32f1xx_it.o
 .debug_frame   0x00000000000005ac       0x58 ./Core/Src/system_stm32f1xx.o
 .debug_frame   0x0000000000000604      0x334 ./Drivers/STM32F1xx_HAL_Driver/Src/stm32f1xx_hal.o
 .debug_frame   0x0000000000000938      0x428 ./Drivers/STM32F1xx_HAL_Driver/Src/stm32f1xx_hal_cortex.o
 .debug_frame   0x0000000000000d60      0x14c ./Drivers/STM32F1xx_HAL_Driver/Src/stm32f1xx_hal_gpio.o
 .debug_frame   0x0000000000000eac      0x218 ./Drivers/STM32F1xx_HAL_Driver/Src/stm32f1xx_hal_rcc.o
 .debug_frame   0x00000000000010c4     0x11b4 ./Drivers/STM32F1xx_HAL_Driver/Src/stm32f1xx_hal_tim.o
 .debug_frame   0x0000000000002278      0x638 ./Drivers/STM32F1xx_HAL_Driver/Src/stm32f1xx_hal_tim_ex.o
 .debug_frame   0x00000000000028b0       0x2c c:/st/stm32cubeide_1.7.0/stm32cubeide/plugins/com.st.stm32cube.ide.mcu.externaltools.gnu-tools-for-stm32.9-2020-q2-update.win32_2.0.0.202105311346/tools/bin/../lib/gcc/arm-none-eabi/9.3.1/../../../../arm-none-eabi/lib/thumb/v7-m/nofp\libc_nano.a(lib_a-init.o)
 .debug_frame   0x00000000000028dc       0x20 c:/st/stm32cubeide_1.7.0/stm32cubeide/plugins/com.st.stm32cube.ide.mcu.externaltools.gnu-tools-for-stm32.9-2020-q2-update.win32_2.0.0.202105311346/tools/bin/../lib/gcc/arm-none-eabi/9.3.1/../../../../arm-none-eabi/lib/thumb/v7-m/nofp\libc_nano.a(lib_a-memset.o)
