main.c:26:6:setTimer0	16	static
main.c:31:6:timer_run	4	static
main.c:39:6:HAL_UART_RxCpltCallback	16	static
main.c:48:6:HAL_TIM_PeriodElapsedCallback	16	static
main.c:55:6:command_parser_fsm	16	static
main.c:115:6:uart_communication_fsm	8	static
main.c:152:5:main	8	static
main.c:183:6:SystemClock_Config	88	static
main.c:221:13:MX_ADC1_Init	24	static
main.c:247:13:MX_TIM2_Init	32	static
main.c:279:13:MX_USART2_UART_Init	8	static
main.c:295:13:MX_GPIO_Init	32	static
main.c:314:6:Error_Handler	4	static,ignoring_inline_asm
